student@student:~$ sudo apt-get update
[sudo] password for student: 
Ign:1 https://repo.mongodb.org/apt/ubuntu focal/mongodb-org/5.0 InRelease
Hit:2 http://in.archive.ubuntu.com/ubuntu jammy InRelease                                                                                    
Get:3 https://dl.google.com/linux/chrome/deb stable InRelease [1,825 B]                                                                      
Hit:4 http://in.archive.ubuntu.com/ubuntu jammy-updates InRelease                                                            
Hit:5 http://security.ubuntu.com/ubuntu jammy-security InRelease                          
Hit:6 http://in.archive.ubuntu.com/ubuntu jammy-backports InRelease                       
Err:3 https://dl.google.com/linux/chrome/deb stable InRelease                             
  The following signatures couldn't be verified because the public key is not available: NO_PUBKEY E88979FB9B30ACF2
Hit:7 https://repo.mongodb.org/apt/ubuntu focal/mongodb-org/5.0 Release
Hit:8 http://security.ubuntu.com/ubuntu focal-security InRelease    
Hit:9 https://ppa.launchpadcontent.net/danielrichter2007/grub-customizer/ubuntu jammy InRelease
Fetched 1,825 B in 1s (1,502 B/s)
Reading package lists... Done
W: An error occurred during the signature verification. The repository is not updated and the previous index files will be used. GPG error: https://dl.google.com/linux/chrome/deb stable InRelease: The following signatures couldn't be verified because the public key is not available: NO_PUBKEY E88979FB9B30ACF2
W: https://repo.mongodb.org/apt/ubuntu/dists/focal/mongodb-org/5.0/Release.gpg: Key is stored in legacy trusted.gpg keyring (/etc/apt/trusted.gpg), see the DEPRECATION section in apt-key(8) for details.
W: Failed to fetch https://dl.google.com/linux/chrome/deb/dists/stable/InRelease  The following signatures couldn't be verified because the public key is not available: NO_PUBKEY E88979FB9B30ACF2
W: Some index files failed to download. They have been ignored, or old ones used instead.

student@student:~$ sudo apt-get install ca-certificates curl
Reading package lists... Done
Building dependency tree... Done
Reading state information... Done
ca-certificates is already the newest version (20230311ubuntu0.22.04.1).
The following packages were automatically installed and are no longer required:
  libflashrom1 libftdi1-2
Use 'sudo apt autoremove' to remove them.
The following packages will be upgraded:
  curl libcurl4
2 upgraded, 0 newly installed, 0 to remove and 373 not upgraded.
1 not fully installed or removed.
Need to get 483 kB of archives.
After this operation, 0 B of additional disk space will be used.
Get:1 http://in.archive.ubuntu.com/ubuntu jammy-updates/main amd64 curl amd64 7.81.0-1ubuntu1.15 [194 kB]
Get:2 http://in.archive.ubuntu.com/ubuntu jammy-updates/main amd64 libcurl4 amd64 7.81.0-1ubuntu1.15 [289 kB]
Fetched 483 kB in 2s (248 kB/s)   
(Reading database ... 252532 files and directories currently installed.)
Preparing to unpack .../curl_7.81.0-1ubuntu1.15_amd64.deb ...
Unpacking curl (7.81.0-1ubuntu1.15) over (7.81.0-1ubuntu1.13) ...
Preparing to unpack .../libcurl4_7.81.0-1ubuntu1.15_amd64.deb ...
Unpacking libcurl4:amd64 (7.81.0-1ubuntu1.15) over (7.81.0-1ubuntu1.13) ...
Setting up grub-efi-amd64-signed (1.187.3~22.04.1+2.06-2ubuntu14.1) ...
Installing grub to /boot/efi.
Installing for x86_64-efi platform.
Installation finished. No error reported.
Setting up libcurl4:amd64 (7.81.0-1ubuntu1.15) ...
Setting up curl (7.81.0-1ubuntu1.15) ...
Processing triggers for man-db (2.10.2-1) ...
Processing triggers for libc-bin (2.35-0ubuntu3.1) ...
/sbin/ldconfig.real: /lib/libgraph.so.1 is not a symbolic link

student@student:~$ sudo install -m 0755 -d /etc/apt/keyrings

student@student:~$ sudo curl -fsSL https://download.docker.com/linux/ubuntu/gpg -o /etc/apt/keyrings/docker.asc

student@student:~$ sudo chmod a+r /etc/apt/keyrings/docker.asc

student@student:~$ echo \
  "deb [arch=$(dpkg --print-architecture) signed-by=/etc/apt/keyrings/docker.asc] https://download.docker.com/linux/ubuntu \
  $(. /etc/os-release && echo "$VERSION_CODENAME") stable" | \
  sudo tee /etc/apt/sources.list.d/docker.list > /dev/null
sudo apt-get update
Get:1 https://download.docker.com/linux/ubuntu jammy InRelease [48.8 kB]
Get:2 https://download.docker.com/linux/ubuntu jammy/stable amd64 Packages [27.6 kB]                                                         
Get:3 https://dl.google.com/linux/chrome/deb stable InRelease [1,825 B]                                                                      
Hit:4 http://security.ubuntu.com/ubuntu jammy-security InRelease                                                                             
Hit:5 http://in.archive.ubuntu.com/ubuntu jammy InRelease                                              
Hit:6 http://security.ubuntu.com/ubuntu focal-security InRelease                          
Ign:7 https://repo.mongodb.org/apt/ubuntu focal/mongodb-org/5.0 InRelease
Hit:8 http://in.archive.ubuntu.com/ubuntu jammy-updates InRelease   
Hit:9 https://ppa.launchpadcontent.net/danielrichter2007/grub-customizer/ubuntu jammy InRelease
Hit:10 https://repo.mongodb.org/apt/ubuntu focal/mongodb-org/5.0 Release
Hit:11 http://in.archive.ubuntu.com/ubuntu jammy-backports InRelease
Fetched 76.4 kB in 1s (66.5 kB/s)
Reading package lists... Done
Reading package lists... Done
Building dependency tree... Done
Reading state information... Done
The following packages were automatically installed and are no longer required:
  libflashrom1 libftdi1-2
Use 'sudo apt autoremove' to remove them.
The following additional packages will be installed:
  docker-ce-rootless-extras git git-man liberror-perl libslirp0 pigz slirp4netns
Suggested packages:
  aufs-tools cgroupfs-mount | cgroup-lite git-daemon-run | git-daemon-sysvinit git-doc git-email git-gui gitk gitweb git-cvs git-mediawiki
  git-svn
The following NEW packages will be installed:
  containerd.io docker-buildx-plugin docker-ce docker-ce-cli docker-ce-rootless-extras docker-compose-plugin git git-man liberror-perl
  libslirp0 pigz slirp4netns
0 upgraded, 12 newly installed, 0 to remove and 373 not upgraded.
Need to get 123 MB of archives.
After this operation, 445 MB of additional disk space will be used.
Do you want to continue? [Y/n] y
Get:1 https://download.docker.com/linux/ubuntu jammy/stable amd64 containerd.io amd64 1.6.28-1 [29.6 MB]
Get:2 http://in.archive.ubuntu.com/ubuntu jammy/universe amd64 pigz amd64 2.6-1 [63.6 kB]
Get:3 http://in.archive.ubuntu.com/ubuntu jammy/main amd64 liberror-perl all 0.17029-1 [26.5 kB]
Get:4 http://in.archive.ubuntu.com/ubuntu jammy-updates/main amd64 git-man all 1:2.34.1-1ubuntu1.10 [954 kB]
Get:5 http://in.archive.ubuntu.com/ubuntu jammy-updates/main amd64 git amd64 1:2.34.1-1ubuntu1.10 [3,166 kB]
Get:6 https://download.docker.com/linux/ubuntu jammy/stable amd64 docker-buildx-plugin amd64 0.13.0-1~ubuntu.22.04~jammy [29.5 MB]           
Get:7 http://in.archive.ubuntu.com/ubuntu jammy/main amd64 libslirp0 amd64 4.6.1-1build1 [61.5 kB]                                           
Get:8 http://in.archive.ubuntu.com/ubuntu jammy/universe amd64 slirp4netns amd64 1.0.1-2 [28.2 kB]                                           
Get:9 https://download.docker.com/linux/ubuntu jammy/stable amd64 docker-ce-cli amd64 5:25.0.4-1~ubuntu.22.04~jammy [13.7 MB]                
Get:10 https://download.docker.com/linux/ubuntu jammy/stable amd64 docker-ce amd64 5:25.0.4-1~ubuntu.22.04~jammy [24.3 MB]                   
Get:11 https://download.docker.com/linux/ubuntu jammy/stable amd64 docker-ce-rootless-extras amd64 5:25.0.4-1~ubuntu.22.04~jammy [9,320 kB]  
Get:12 https://download.docker.com/linux/ubuntu jammy/stable amd64 docker-compose-plugin amd64 2.24.7-1~ubuntu.22.04~jammy [12.1 MB]         
Fetched 123 MB in 51s (2,403 kB/s)                                                                                                           
Selecting previously unselected package pigz.
(Reading database ... 252532 files and directories currently installed.)
Preparing to unpack .../00-pigz_2.6-1_amd64.deb ...
Unpacking pigz (2.6-1) ...
Selecting previously unselected package containerd.io.
Preparing to unpack .../01-containerd.io_1.6.28-1_amd64.deb ...
Unpacking containerd.io (1.6.28-1) ...
Selecting previously unselected package docker-buildx-plugin.
Preparing to unpack .../02-docker-buildx-plugin_0.13.0-1~ubuntu.22.04~jammy_amd64.deb ...
Unpacking docker-buildx-plugin (0.13.0-1~ubuntu.22.04~jammy) ...
Selecting previously unselected package docker-ce-cli.
Preparing to unpack .../03-docker-ce-cli_5%3a25.0.4-1~ubuntu.22.04~jammy_amd64.deb ...
Unpacking docker-ce-cli (5:25.0.4-1~ubuntu.22.04~jammy) ...
Selecting previously unselected package docker-ce.
Preparing to unpack .../04-docker-ce_5%3a25.0.4-1~ubuntu.22.04~jammy_amd64.deb ...
Unpacking docker-ce (5:25.0.4-1~ubuntu.22.04~jammy) ...
Selecting previously unselected package docker-ce-rootless-extras.
Preparing to unpack .../05-docker-ce-rootless-extras_5%3a25.0.4-1~ubuntu.22.04~jammy_amd64.deb ...
Unpacking docker-ce-rootless-extras (5:25.0.4-1~ubuntu.22.04~jammy) ...
Selecting previously unselected package docker-compose-plugin.
Preparing to unpack .../06-docker-compose-plugin_2.24.7-1~ubuntu.22.04~jammy_amd64.deb ...
Unpacking docker-compose-plugin (2.24.7-1~ubuntu.22.04~jammy) ...
Selecting previously unselected package liberror-perl.
Preparing to unpack .../07-liberror-perl_0.17029-1_all.deb ...
Unpacking liberror-perl (0.17029-1) ...
Selecting previously unselected package git-man.
Preparing to unpack .../08-git-man_1%3a2.34.1-1ubuntu1.10_all.deb ...
Unpacking git-man (1:2.34.1-1ubuntu1.10) ...
Selecting previously unselected package git.
Preparing to unpack .../09-git_1%3a2.34.1-1ubuntu1.10_amd64.deb ...
Unpacking git (1:2.34.1-1ubuntu1.10) ...
Selecting previously unselected package libslirp0:amd64.
Preparing to unpack .../10-libslirp0_4.6.1-1build1_amd64.deb ...
Unpacking libslirp0:amd64 (4.6.1-1build1) ...
Selecting previously unselected package slirp4netns.
Preparing to unpack .../11-slirp4netns_1.0.1-2_amd64.deb ...
Unpacking slirp4netns (1.0.1-2) ...
Setting up liberror-perl (0.17029-1) ...
Setting up docker-buildx-plugin (0.13.0-1~ubuntu.22.04~jammy) ...
Setting up containerd.io (1.6.28-1) ...
Created symlink /etc/systemd/system/multi-user.target.wants/containerd.service → /lib/systemd/system/containerd.service.
Setting up docker-compose-plugin (2.24.7-1~ubuntu.22.04~jammy) ...
Setting up docker-ce-cli (5:25.0.4-1~ubuntu.22.04~jammy) ...
Setting up libslirp0:amd64 (4.6.1-1build1) ...
Setting up pigz (2.6-1) ...
Setting up git-man (1:2.34.1-1ubuntu1.10) ...
Setting up docker-ce-rootless-extras (5:25.0.4-1~ubuntu.22.04~jammy) ...
Setting up slirp4netns (1.0.1-2) ...
Setting up docker-ce (5:25.0.4-1~ubuntu.22.04~jammy) ...
Created symlink /etc/systemd/system/multi-user.target.wants/docker.service → /lib/systemd/system/docker.service.
Created symlink /etc/systemd/system/sockets.target.wants/docker.socket → /lib/systemd/system/docker.socket.
Setting up git (1:2.34.1-1ubuntu1.10) ...
Processing triggers for man-db (2.10.2-1) ...
Processing triggers for libc-bin (2.35-0ubuntu3.1) ...
/sbin/ldconfig.real: /lib/libgraph.so.1 is not a symbolic link


student@student:~$  sudo docker run hello-world
Unable to find image 'hello-world:latest' locally
latest: Pulling from library/hello-world
c1ec31eb5944: Pull complete 
Digest: sha256:6352af1ab4ba4b138648f8ee88e63331aae519946d3b67dae50c313c6fc8200f
Status: Downloaded newer image for hello-world:latest

Hello from Docker!
This message shows that your installation appears to be working correctly.

To generate this message, Docker took the following steps:
 1. The Docker client contacted the Docker daemon.
 2. The Docker daemon pulled the "hello-world" image from the Docker Hub.
    (amd64)
 3. The Docker daemon created a new container from that image which runs the
    executable that produces the output you are currently reading.
 4. The Docker daemon streamed that output to the Docker client, which sent it
    to your terminal.

To try something more ambitious, you can run an Ubuntu container with:
 $ docker run -it ubuntu bash

Share images, automate workflows, and more with a free Docker ID:
 https://hub.docker.com/

For more examples and ideas, visit:
 https://docs.docker.com/get-started/

student@student:~$ docker -v
Docker version 25.0.4, build 1a576c5

student@student:~$ sudo docker images
REPOSITORY    TAG       IMAGE ID       CREATED         SIZE
hello-world   latest    d2c94e258dcb   10 months ago   13.3kB

student@student:~$ sudo systemctl status docker
● docker.service - Docker Application Container Engine
     Loaded: loaded (/lib/systemd/system/docker.service; enabled; vendor preset: enabled)
     Active: active (running) since Thu 2024-03-14 11:34:29 IST; 6min ago
TriggeredBy: ● docker.socket
       Docs: https://docs.docker.com
   Main PID: 12714 (dockerd)
      Tasks: 11
     Memory: 35.0M
        CPU: 560ms
     CGroup: /system.slice/docker.service
             └─12714 /usr/bin/dockerd -H fd:// --containerd=/run/containerd/containerd.sock
